{
 "neutral": {
  "t_star": 14,
  "acc_pre_cot": 0.46049999999999996,
  "acc_post_cot": 1.0,
  "t_star_segment": "cot:2:value:v2"
 },
 "congruent@v2": {
  "t_star": 14,
  "acc_pre_cot": 0.46,
  "acc_post_cot": 1.0,
  "t_star_segment": "cot:2:value:v2"
 },
 "incongruent@v2": {
  "t_star": 14,
  "acc_pre_cot": 0.4586666666666666,
  "acc_post_cot": 1.0,
  "t_star_segment": "cot:2:value:v2",
  "t_lure_last_above_half": 22,
  "lure_rate_max_pre_cot": 0.383,
  "lure_rate_max_post_cot": 0.9700000000000001
 },
 "letter": {
  "t_star": 14,
  "acc_pre_cot": 0.5266666666666667,
  "acc_post_cot": 1.0,
  "t_star_segment": "cot:2:value:v2"
 }
}
figures -> /work/jvl210002/migration/probing/paper/figures
