{
 "neutral": {
  "t_star": null,
  "acc_pre_cot": 0.5416666666666666,
  "acc_post_cot": 0.8765000000000001
 },
 "congruent@v2": {
  "t_star": null,
  "acc_pre_cot": 0.5835,
  "acc_post_cot": 0.8078333333333334
 },
 "incongruent@v2": {
  "t_star": null,
  "acc_pre_cot": 0.4538333333333333,
  "acc_post_cot": 0.8016666666666667,
  "t_lure_last_above_half": null,
  "lure_rate_max_pre_cot": 0.39200000000000007,
  "lure_rate_max_post_cot": 0.134
 },
 "letter": {
  "t_star": null,
  "acc_pre_cot": 0.4856666666666667,
  "acc_post_cot": 0.6426666666666666
 }
}
figures -> /work/jvl210002/migration/probing/paper/figures
