{
 "neutral": {
  "t_star": 30,
  "acc_pre_cot": 0.30866666666666664,
  "acc_post_cot": 1.0,
  "t_star_segment": "cot:5:value:v1"
 },
 "congruent@v1": {
  "t_star": 30,
  "acc_pre_cot": 0.5028333333333334,
  "acc_post_cot": 1.0,
  "t_star_segment": "cot:5:value:v1"
 },
 "incongruent@v1": {
  "t_star": 30,
  "acc_pre_cot": 0.2525,
  "acc_post_cot": 1.0,
  "t_star_segment": "cot:5:value:v1",
  "t_lure_last_above_half": 29,
  "lure_rate_max_pre_cot": 0.467,
  "lure_rate_max_post_cot": 0.707
 },
 "letter": {
  "t_star": 30,
  "acc_pre_cot": 0.26183333333333336,
  "acc_post_cot": 1.0,
  "t_star_segment": "cot:5:value:v1"
 }
}
figures -> /work/jvl210002/migration/probing/paper/figures
