{
 "neutral": {
  "t_star": null,
  "acc_pre_cot": 0.4271666666666667,
  "acc_post_cot": 0.7398333333333333
 },
 "congruent@v2": {
  "t_star": null,
  "acc_pre_cot": 0.46649999999999997,
  "acc_post_cot": 0.7595000000000001
 },
 "incongruent@v2": {
  "t_star": null,
  "acc_pre_cot": 0.444,
  "acc_post_cot": 0.6893333333333332,
  "t_lure_last_above_half": null,
  "lure_rate_max_pre_cot": 0.27566666666666667,
  "lure_rate_max_post_cot": 0.10533333333333333
 },
 "letter": {
  "t_star": null,
  "acc_pre_cot": 0.4935,
  "acc_post_cot": 0.6398333333333334
 }
}
figures -> /work/jvl210002/migration/probing/paper/figures
