{
 "neutral": {
  "t_star": 2,
  "acc_pre_cot": 0.4071666666666666,
  "acc_post_cot": 1.0,
  "t_star_segment": "cot:0:value:v1"
 },
 "congruent@v1": {
  "t_star": 2,
  "acc_pre_cot": 0.5145,
  "acc_post_cot": 1.0,
  "t_star_segment": "cot:0:value:v1"
 },
 "incongruent@v1": {
  "t_star": 2,
  "acc_pre_cot": 0.23016666666666666,
  "acc_post_cot": 1.0,
  "t_star_segment": "cot:0:value:v1",
  "t_lure_last_above_half": null,
  "lure_rate_max_pre_cot": 0.4643333333333333,
  "lure_rate_max_post_cot": 0.14483333333333334
 },
 "letter": {
  "t_star": 2,
  "acc_pre_cot": 0.25966666666666666,
  "acc_post_cot": 1.0,
  "t_star_segment": "cot:0:value:v1"
 }
}
figures -> /work/jvl210002/migration/probing/paper/figures
