{
 "neutral": {
  "t_star": 18,
  "acc_pre_cot": 0.4663333333333333,
  "acc_post_cot": 1.0,
  "t_star_segment": "cot:3:restate:v1"
 },
 "congruent@v1": {
  "t_star": 18,
  "acc_pre_cot": 0.4988333333333333,
  "acc_post_cot": 1.0,
  "t_star_segment": "cot:3:restate:v1"
 },
 "incongruent@v1": {
  "t_star": 18,
  "acc_pre_cot": 0.23500000000000001,
  "acc_post_cot": 1.0,
  "t_star_segment": "cot:3:restate:v1",
  "t_lure_last_above_half": 29,
  "lure_rate_max_pre_cot": 0.389,
  "lure_rate_max_post_cot": 0.793
 },
 "letter": {
  "t_star": 30,
  "acc_pre_cot": 0.3255,
  "acc_post_cot": 1.0,
  "t_star_segment": "cot:5:value:v1"
 }
}
figures -> /work/jvl210002/migration/probing/paper/figures
