/work/jvl210002/migration/probing/scripts/53_kudo_figs.py:105: RuntimeWarning: All-NaN slice encountered
  axes[0, j].plot(np.nanmax(A, axis=0), color="k", lw=1.2, label="acc (max over layers)")
{
 "neutral": {
  "t_star": 13,
  "acc_pre_cot": 0.5026666666666667,
  "acc_post_cot": 1.0,
  "t_star_segment": "cot:2:value:v2"
 },
 "incongruent@v2": {
  "t_star": 14,
  "acc_pre_cot": 0.48633333333333334,
  "acc_post_cot": 1.0,
  "t_star_segment": "cot:2:value:v2",
  "t_lure_last_above_half": 20,
  "lure_rate_max_pre_cot": 0.25066666666666665,
  "lure_rate_max_post_cot": 0.7386666666666666
 }
}
figures -> /work/jvl210002/migration/probing/paper/figures
