{
 "neutral": {
  "t_star": 14,
  "acc_pre_cot": 0.4608333333333334,
  "acc_post_cot": 1.0,
  "t_star_segment": "cot:2:value:v2"
 },
 "congruent@v2": {
  "t_star": 14,
  "acc_pre_cot": 0.4676666666666667,
  "acc_post_cot": 1.0,
  "t_star_segment": "cot:2:value:v2"
 },
 "incongruent@v2": {
  "t_star": 14,
  "acc_pre_cot": 0.433,
  "acc_post_cot": 1.0,
  "t_star_segment": "cot:2:value:v2",
  "t_lure_last_above_half": 22,
  "lure_rate_max_pre_cot": 0.312,
  "lure_rate_max_post_cot": 0.789
 },
 "letter": {
  "t_star": 14,
  "acc_pre_cot": 0.502,
  "acc_post_cot": 1.0,
  "t_star_segment": "cot:2:value:v2"
 }
}
figures -> /work/jvl210002/migration/probing/paper/figures
