make[1]: Entering directory '/work/jvl210002/migration/probing/paper'
/work/jvl210002/migration/envs/tex/bin/tectonic -X compile --keep-logs main.tex
note: "version 2" Tectonic command-line interface activated
note: Running TeX ...
warning: lineno.sty:296: Invalid UTF-8 byte or sequence at line 296 replaced by U+FFFD.
warning: main.tex:137: Underfull \vbox (badness 5787) has occurred while \output is active
warning: main.tex:147: Underfull \vbox (badness 10000) has occurred while \output is active
warning: main.tex:213: Underfull \hbox (badness 5548) in paragraph at lines 206--213
warning: main.tex:229: Underfull \hbox (badness 1803) in paragraph at lines 223--229
warning: main.tex:289: Underfull \hbox (badness 3758) in paragraph at lines 284--289
warning: main.tex:373: Underfull \hbox (badness 1533) in paragraph at lines 343--373
warning: main.tex:412: Underfull \hbox (badness 3118) in paragraph at lines 405--412
warning: main.tex:463: Underfull \hbox (badness 2351) in paragraph at lines 458--463
warning: main.tex:472: Underfull \hbox (badness 10000) in paragraph at lines 464--472
warning: main.tex:472: Underfull \hbox (badness 3449) in paragraph at lines 464--472
warning: main.tex:472: Underfull \hbox (badness 1215) in paragraph at lines 464--472
warning: main.tex:472: Underfull \vbox (badness 10000) has occurred while \output is active
warning: main.tex:508: Underfull \hbox (badness 6510) in paragraph at lines 503--508
warning: main.tex:524: Underfull \hbox (badness 3460) in paragraph at lines 518--524
warning: main.tex:524: Underfull \hbox (badness 10000) in paragraph at lines 518--524
warning: main.tex:595: Underfull \vbox (badness 10000) has occurred while \output is active
warning: main.tex:618: Underfull \hbox (badness 1052) in paragraph at lines 618--618
warning: main.tex:626: Underfull \hbox (badness 1009) in paragraph at lines 622--626
warning: main.tex:637: Underfull \hbox (badness 10000) in paragraph at lines 631--637
warning: main.tex:637: Underfull \hbox (badness 1158) in paragraph at lines 631--637
warning: main.tex:679: Underfull \vbox (badness 10000) has occurred while \output is active
note: Running BibTeX on main.aux ...
note: Rerunning TeX because bibtex was run ...
warning: lineno.sty:296: Invalid UTF-8 byte or sequence at line 296 replaced by U+FFFD.
warning: main.tex:137: Underfull \vbox (badness 5787) has occurred while \output is active
warning: main.tex:147: Underfull \vbox (badness 10000) has occurred while \output is active
warning: main.tex:213: Underfull \hbox (badness 5548) in paragraph at lines 206--213
warning: main.bbl:13: Underfull \hbox (badness 1215) in paragraph at lines 10--13
warning: main.bbl:13: Underfull \hbox (badness 6775) in paragraph at lines 10--13
warning: main.bbl:18: Underfull \hbox (badness 2698) in paragraph at lines 15--18
warning: main.bbl:52: Underfull \hbox (badness 1158) in paragraph at lines 47--52
warning: main.bbl:62: Underfull \hbox (badness 5954) in paragraph at lines 55--62
warning: main.bbl:89: Underfull \hbox (badness 1769) in paragraph at lines 84--89
warning: main.bbl:101: Underfull \hbox (badness 1137) in paragraph at lines 97--101
warning: main.bbl:113: Underfull \hbox (badness 1019) in paragraph at lines 105--113
warning: main.bbl:123: Underfull \hbox (badness 1527) in paragraph at lines 117--123
warning: main.bbl:123: Underfull \hbox (badness 1048) in paragraph at lines 117--123
warning: main.bbl:132: Underfull \hbox (badness 10000) in paragraph at lines 126--132
warning: main.bbl:132: Underfull \hbox (badness 4096) in paragraph at lines 126--132
warning: main.bbl:132: Underfull \hbox (badness 1910) in paragraph at lines 126--132
warning: main.bbl:139: Underfull \hbox (badness 1509) in paragraph at lines 134--139
warning: main.bbl:166: Underfull \hbox (badness 2418) in paragraph at lines 160--166
warning: main.tex:289: Underfull \hbox (badness 3758) in paragraph at lines 284--289
warning: main.tex:373: Underfull \hbox (badness 1533) in paragraph at lines 343--373
warning: main.tex:412: Underfull \hbox (badness 3118) in paragraph at lines 405--412
warning: main.tex:463: Underfull \hbox (badness 2351) in paragraph at lines 458--463
warning: main.tex:472: Underfull \hbox (badness 10000) in paragraph at lines 464--472
warning: main.tex:472: Underfull \hbox (badness 3449) in paragraph at lines 464--472
warning: main.tex:472: Underfull \hbox (badness 1721) in paragraph at lines 464--472
warning: main.tex:508: Underfull \hbox (badness 6510) in paragraph at lines 503--508
warning: main.tex:508: Underfull \hbox (badness 1509) in paragraph at lines 503--508
warning: main.tex:524: Underfull \hbox (badness 3460) in paragraph at lines 518--524
warning: main.tex:524: Underfull \hbox (badness 10000) in paragraph at lines 518--524
warning: main.tex:571: Underfull \vbox (badness 10000) has occurred while \output is active
warning: main.tex:626: Underfull \hbox (badness 1009) in paragraph at lines 622--626
warning: main.tex:637: Underfull \hbox (badness 10000) in paragraph at lines 631--637
warning: main.tex:637: Underfull \hbox (badness 1158) in paragraph at lines 631--637
warning: main.tex:679: Underfull \vbox (badness 10000) has occurred while \output is active
note: Rerunning TeX because "main.aux" changed ...
warning: lineno.sty:296: Invalid UTF-8 byte or sequence at line 296 replaced by U+FFFD.
warning: main.tex:129: Underfull \vbox (badness 5787) has occurred while \output is active
warning: main.tex:147: Underfull \vbox (badness 10000) has occurred while \output is active
warning: main.tex:213: Underfull \hbox (badness 5548) in paragraph at lines 206--213
warning: main.bbl:13: Underfull \hbox (badness 1215) in paragraph at lines 10--13
warning: main.bbl:13: Underfull \hbox (badness 6775) in paragraph at lines 10--13
warning: main.bbl:18: Underfull \hbox (badness 2698) in paragraph at lines 15--18
warning: main.bbl:52: Underfull \hbox (badness 1158) in paragraph at lines 47--52
warning: main.bbl:62: Underfull \hbox (badness 5954) in paragraph at lines 55--62
warning: main.bbl:89: Underfull \hbox (badness 1817) in paragraph at lines 84--89
warning: main.bbl:101: Underfull \hbox (badness 1137) in paragraph at lines 97--101
warning: main.bbl:113: Underfull \hbox (badness 1019) in paragraph at lines 105--113
warning: main.bbl:123: Underfull \hbox (badness 1527) in paragraph at lines 117--123
warning: main.bbl:123: Underfull \hbox (badness 1048) in paragraph at lines 117--123
warning: main.bbl:132: Underfull \hbox (badness 10000) in paragraph at lines 126--132
warning: main.bbl:132: Underfull \hbox (badness 4096) in paragraph at lines 126--132
warning: main.bbl:132: Underfull \hbox (badness 1910) in paragraph at lines 126--132
warning: main.bbl:139: Underfull \hbox (badness 1509) in paragraph at lines 134--139
warning: main.bbl:166: Underfull \hbox (badness 2418) in paragraph at lines 160--166
warning: main.tex:289: Underfull \hbox (badness 3758) in paragraph at lines 284--289
warning: main.tex:321: Underfull \hbox (badness 1253) in paragraph at lines 311--321
warning: main.tex:373: Underfull \hbox (badness 1533) in paragraph at lines 343--373
warning: main.tex:412: Underfull \hbox (badness 3118) in paragraph at lines 405--412
warning: main.tex:463: Underfull \hbox (badness 2351) in paragraph at lines 458--463
warning: main.tex:472: Underfull \hbox (badness 10000) in paragraph at lines 464--472
warning: main.tex:472: Underfull \hbox (badness 3449) in paragraph at lines 464--472
warning: main.tex:472: Underfull \hbox (badness 1354) in paragraph at lines 464--472
warning: main.tex:508: Underfull \hbox (badness 6510) in paragraph at lines 503--508
warning: main.tex:508: Underfull \hbox (badness 1509) in paragraph at lines 503--508
warning: main.tex:524: Underfull \hbox (badness 3460) in paragraph at lines 518--524
warning: main.tex:524: Underfull \hbox (badness 10000) in paragraph at lines 518--524
warning: main.tex:583: Underfull \vbox (badness 10000) has occurred while \output is active
warning: main.tex:613: Underfull \hbox (badness 1325) in paragraph at lines 601--613
warning: main.tex:626: Underfull \hbox (badness 1009) in paragraph at lines 622--626
warning: main.tex:637: Underfull \hbox (badness 10000) in paragraph at lines 631--637
warning: main.tex:637: Underfull \hbox (badness 1158) in paragraph at lines 631--637
warning: main.tex:679: Underfull \vbox (badness 10000) has occurred while \output is active
note: Rerunning TeX because "main.aux" changed ...
warning: lineno.sty:296: Invalid UTF-8 byte or sequence at line 296 replaced by U+FFFD.
warning: main.tex:129: Underfull \vbox (badness 5787) has occurred while \output is active
warning: main.tex:147: Underfull \vbox (badness 10000) has occurred while \output is active
warning: main.tex:213: Underfull \hbox (badness 5548) in paragraph at lines 206--213
warning: main.bbl:13: Underfull \hbox (badness 1215) in paragraph at lines 10--13
warning: main.bbl:13: Underfull \hbox (badness 6775) in paragraph at lines 10--13
warning: main.bbl:18: Underfull \hbox (badness 2698) in paragraph at lines 15--18
warning: main.bbl:52: Underfull \hbox (badness 1158) in paragraph at lines 47--52
warning: main.bbl:62: Underfull \hbox (badness 5954) in paragraph at lines 55--62
warning: main.bbl:89: Underfull \hbox (badness 1817) in paragraph at lines 84--89
warning: main.bbl:101: Underfull \hbox (badness 1137) in paragraph at lines 97--101
warning: main.bbl:113: Underfull \hbox (badness 1019) in paragraph at lines 105--113
warning: main.bbl:123: Underfull \hbox (badness 1527) in paragraph at lines 117--123
warning: main.bbl:123: Underfull \hbox (badness 1048) in paragraph at lines 117--123
warning: main.bbl:132: Underfull \hbox (badness 10000) in paragraph at lines 126--132
warning: main.bbl:132: Underfull \hbox (badness 4096) in paragraph at lines 126--132
warning: main.bbl:132: Underfull \hbox (badness 1910) in paragraph at lines 126--132
warning: main.bbl:139: Underfull \hbox (badness 1509) in paragraph at lines 134--139
warning: main.bbl:166: Underfull \hbox (badness 2418) in paragraph at lines 160--166
warning: main.tex:289: Underfull \hbox (badness 3758) in paragraph at lines 284--289
warning: main.tex:321: Underfull \hbox (badness 1253) in paragraph at lines 311--321
warning: main.tex:373: Underfull \hbox (badness 1533) in paragraph at lines 343--373
warning: main.tex:412: Underfull \hbox (badness 3118) in paragraph at lines 405--412
warning: main.tex:463: Underfull \hbox (badness 2351) in paragraph at lines 458--463
warning: main.tex:472: Underfull \hbox (badness 10000) in paragraph at lines 464--472
warning: main.tex:472: Underfull \hbox (badness 3449) in paragraph at lines 464--472
warning: main.tex:472: Underfull \hbox (badness 1354) in paragraph at lines 464--472
warning: main.tex:508: Underfull \hbox (badness 6510) in paragraph at lines 503--508
warning: main.tex:508: Underfull \hbox (badness 1509) in paragraph at lines 503--508
warning: main.tex:524: Underfull \hbox (badness 3460) in paragraph at lines 518--524
warning: main.tex:524: Underfull \hbox (badness 10000) in paragraph at lines 518--524
warning: main.tex:583: Underfull \vbox (badness 10000) has occurred while \output is active
warning: main.tex:613: Underfull \hbox (badness 1325) in paragraph at lines 601--613
warning: main.tex:626: Underfull \hbox (badness 1009) in paragraph at lines 622--626
warning: main.tex:637: Underfull \hbox (badness 10000) in paragraph at lines 631--637
warning: main.tex:637: Underfull \hbox (badness 1158) in paragraph at lines 631--637
warning: main.tex:679: Underfull \vbox (badness 10000) has occurred while \output is active
warning: warnings were issued by the TeX engine; use --print and/or --keep-logs for details.
note: Running xdvipdfmx ...
note: Writing `main.pdf` (1.1880664825439453 MiB)
note: Writing `main.log` (27.1572265625 KiB)
note: Writing `main.blg` (190 B)
note: Skipped writing 3 intermediate files (use --keep-intermediates to keep them)
/work/jvl210002/migration/envs/probe-cu129/bin/python check_arr.py
ARR: body 4/4 pages; total 50; abstract 174 words; A4 portrait; 0 unembedded fonts
Draft: 0 unfilled numbers; unresolved references: False; missing assets: False
/work/jvl210002/migration/envs/probe-cu129/bin/python check_arr.py --strict
ARR: body 4/4 pages; total 50; abstract 174 words; A4 portrait; 0 unembedded fonts
Draft: 0 unfilled numbers; unresolved references: False; missing assets: False
make[1]: Leaving directory '/work/jvl210002/migration/probing/paper'
