make[1]: Entering directory '/work/jvl210002/migration/probing/paper'
/work/jvl210002/migration/envs/tex/bin/tectonic -X compile --keep-logs main.tex
note: "version 2" Tectonic command-line interface activated
note: Running TeX ...
warning: lineno.sty:296: Invalid UTF-8 byte or sequence at line 296 replaced by U+FFFD.
warning: main.tex:92: Underfull \hbox (badness 1107) in paragraph at lines 87--92
warning: main.tex:141: Underfull \vbox (badness 10000) has occurred while \output is active
warning: main.tex:191: Underfull \hbox (badness 1924) in paragraph at lines 184--191
warning: main.tex:198: Underfull \hbox (badness 1062) in paragraph at lines 192--198
warning: main.tex:207: Underfull \hbox (badness 1365) in paragraph at lines 201--207
warning: main.tex:207: Underfull \vbox (badness 10000) has occurred while \output is active
warning: main.tex:267: Underfull \hbox (badness 3758) in paragraph at lines 262--267
warning: main.tex:342: Underfull \hbox (badness 1533) in paragraph at lines 313--342
warning: main.tex:381: Underfull \hbox (badness 3118) in paragraph at lines 374--381
warning: main.tex:407: Underfull \hbox (badness 10000) in paragraph at lines 396--407
warning: main.tex:407: Underfull \hbox (badness 4156) in paragraph at lines 396--407
warning: main.tex:407: Underfull \hbox (badness 5832) in paragraph at lines 396--407
warning: main.tex:407: Underfull \hbox (badness 1881) in paragraph at lines 396--407
warning: main.tex:407: Underfull \hbox (badness 1237) in paragraph at lines 396--407
warning: main.tex:415: Underfull \hbox (badness 1648) in paragraph at lines 408--415
warning: main.tex:415: Underfull \hbox (badness 6078) in paragraph at lines 408--415
warning: main.tex:428: Underfull \hbox (badness 2351) in paragraph at lines 423--428
warning: main.tex:471: Underfull \hbox (badness 6510) in paragraph at lines 466--471
warning: main.tex:487: Underfull \hbox (badness 3460) in paragraph at lines 481--487
warning: main.tex:487: Underfull \hbox (badness 10000) in paragraph at lines 481--487
warning: main.tex:487: Underfull \hbox (badness 1584) in paragraph at lines 481--487
warning: main.tex:498: Underfull \vbox (badness 5519) has occurred while \output is active
warning: main.tex:534: Underfull \vbox (badness 1960) has occurred while \output is active
warning: main.tex:534: Underfull \vbox (badness 10000) has occurred while \output is active
warning: main.tex:581: Underfull \hbox (badness 1052) in paragraph at lines 581--581
warning: main.tex:589: Underfull \hbox (badness 1009) in paragraph at lines 585--589
note: Running BibTeX on main.aux ...
note: Rerunning TeX because bibtex was run ...
warning: lineno.sty:296: Invalid UTF-8 byte or sequence at line 296 replaced by U+FFFD.
warning: main.tex:92: Underfull \hbox (badness 1107) in paragraph at lines 87--92
warning: main.tex:141: Underfull \vbox (badness 10000) has occurred while \output is active
warning: main.tex:191: Underfull \hbox (badness 1924) in paragraph at lines 184--191
warning: main.tex:198: Underfull \hbox (badness 1062) in paragraph at lines 192--198
warning: main.tex:207: Underfull \hbox (badness 1365) in paragraph at lines 201--207
warning: main.tex:207: Underfull \vbox (badness 10000) has occurred while \output is active
warning: main.bbl:8: Underfull \hbox (badness 1215) in paragraph at lines 5--8
warning: main.bbl:8: Underfull \hbox (badness 6775) in paragraph at lines 5--8
warning: main.bbl:13: Underfull \hbox (badness 2698) in paragraph at lines 10--13
warning: main.bbl:47: Underfull \hbox (badness 1158) in paragraph at lines 42--47
warning: main.bbl:57: Underfull \hbox (badness 5954) in paragraph at lines 50--57
warning: main.bbl:84: Underfull \hbox (badness 1769) in paragraph at lines 79--84
warning: main.bbl:96: Underfull \hbox (badness 1137) in paragraph at lines 92--96
warning: main.bbl:108: Underfull \hbox (badness 1019) in paragraph at lines 100--108
warning: main.bbl:118: Underfull \hbox (badness 1527) in paragraph at lines 112--118
warning: main.bbl:118: Underfull \hbox (badness 1048) in paragraph at lines 112--118
warning: main.bbl:127: Underfull \hbox (badness 10000) in paragraph at lines 121--127
warning: main.bbl:127: Underfull \hbox (badness 4096) in paragraph at lines 121--127
warning: main.bbl:127: Underfull \hbox (badness 1910) in paragraph at lines 121--127
warning: main.bbl:134: Underfull \hbox (badness 1509) in paragraph at lines 129--134
warning: main.bbl:161: Underfull \hbox (badness 2418) in paragraph at lines 155--161
warning: main.tex:267: Underfull \hbox (badness 3758) in paragraph at lines 262--267
warning: main.tex:342: Underfull \hbox (badness 1533) in paragraph at lines 313--342
warning: main.tex:342: Underfull \vbox (badness 10000) has occurred while \output is active
warning: main.tex:381: Underfull \hbox (badness 3118) in paragraph at lines 374--381
warning: main.tex:407: Underfull \hbox (badness 10000) in paragraph at lines 396--407
warning: main.tex:407: Underfull \hbox (badness 4156) in paragraph at lines 396--407
warning: main.tex:407: Underfull \hbox (badness 5832) in paragraph at lines 396--407
warning: main.tex:407: Underfull \hbox (badness 1881) in paragraph at lines 396--407
warning: main.tex:407: Underfull \hbox (badness 1237) in paragraph at lines 396--407
warning: main.tex:415: Underfull \hbox (badness 1648) in paragraph at lines 408--415
warning: main.tex:415: Underfull \hbox (badness 6078) in paragraph at lines 408--415
warning: main.tex:428: Underfull \hbox (badness 2351) in paragraph at lines 423--428
warning: main.tex:471: Underfull \hbox (badness 6510) in paragraph at lines 466--471
warning: main.tex:471: Underfull \hbox (badness 1509) in paragraph at lines 466--471
warning: main.tex:487: Underfull \hbox (badness 3460) in paragraph at lines 481--487
warning: main.tex:487: Underfull \hbox (badness 10000) in paragraph at lines 481--487
warning: main.tex:487: Underfull \hbox (badness 1584) in paragraph at lines 481--487
warning: main.tex:506: Underfull \vbox (badness 1308) has occurred while \output is active
warning: main.tex:589: Underfull \hbox (badness 1009) in paragraph at lines 585--589
note: Rerunning TeX because "main.aux" changed ...
warning: lineno.sty:296: Invalid UTF-8 byte or sequence at line 296 replaced by U+FFFD.
warning: main.tex:92: Underfull \hbox (badness 1107) in paragraph at lines 87--92
warning: main.tex:141: Underfull \vbox (badness 10000) has occurred while \output is active
warning: main.tex:191: Underfull \hbox (badness 1924) in paragraph at lines 184--191
warning: main.tex:198: Underfull \hbox (badness 1062) in paragraph at lines 192--198
warning: main.tex:207: Underfull \hbox (badness 1365) in paragraph at lines 201--207
warning: main.tex:207: Underfull \vbox (badness 10000) has occurred while \output is active
warning: main.bbl:8: Underfull \hbox (badness 1215) in paragraph at lines 5--8
warning: main.bbl:8: Underfull \hbox (badness 6775) in paragraph at lines 5--8
warning: main.bbl:13: Underfull \hbox (badness 2698) in paragraph at lines 10--13
warning: main.bbl:47: Underfull \hbox (badness 1158) in paragraph at lines 42--47
warning: main.bbl:57: Underfull \hbox (badness 5954) in paragraph at lines 50--57
warning: main.bbl:84: Underfull \hbox (badness 1817) in paragraph at lines 79--84
warning: main.bbl:96: Underfull \hbox (badness 1137) in paragraph at lines 92--96
warning: main.bbl:108: Underfull \hbox (badness 1019) in paragraph at lines 100--108
warning: main.bbl:118: Underfull \hbox (badness 1527) in paragraph at lines 112--118
warning: main.bbl:118: Underfull \hbox (badness 1048) in paragraph at lines 112--118
warning: main.bbl:127: Underfull \hbox (badness 10000) in paragraph at lines 121--127
warning: main.bbl:127: Underfull \hbox (badness 4096) in paragraph at lines 121--127
warning: main.bbl:127: Underfull \hbox (badness 1910) in paragraph at lines 121--127
warning: main.bbl:134: Underfull \hbox (badness 1509) in paragraph at lines 129--134
warning: main.bbl:161: Underfull \hbox (badness 2418) in paragraph at lines 155--161
warning: main.tex:267: Underfull \hbox (badness 3758) in paragraph at lines 262--267
warning: main.tex:299: Underfull \hbox (badness 1253) in paragraph at lines 289--299
warning: main.tex:311: Underfull \vbox (badness 3815) has occurred while \output is active
warning: main.tex:342: Underfull \hbox (badness 1533) in paragraph at lines 313--342
warning: main.tex:381: Underfull \hbox (badness 3118) in paragraph at lines 374--381
warning: main.tex:407: Underfull \hbox (badness 10000) in paragraph at lines 396--407
warning: main.tex:407: Underfull \hbox (badness 4156) in paragraph at lines 396--407
warning: main.tex:407: Underfull \hbox (badness 5832) in paragraph at lines 396--407
warning: main.tex:407: Underfull \hbox (badness 1881) in paragraph at lines 396--407
warning: main.tex:407: Underfull \hbox (badness 1237) in paragraph at lines 396--407
warning: main.tex:415: Underfull \hbox (badness 1648) in paragraph at lines 408--415
warning: main.tex:415: Underfull \hbox (badness 6078) in paragraph at lines 408--415
warning: main.tex:428: Underfull \hbox (badness 2351) in paragraph at lines 423--428
warning: main.tex:471: Underfull \hbox (badness 6510) in paragraph at lines 466--471
warning: main.tex:471: Underfull \hbox (badness 1509) in paragraph at lines 466--471
warning: main.tex:471: Underfull \vbox (badness 10000) has occurred while \output is active
warning: main.tex:487: Underfull \hbox (badness 3460) in paragraph at lines 481--487
warning: main.tex:487: Underfull \hbox (badness 10000) in paragraph at lines 481--487
warning: main.tex:487: Underfull \hbox (badness 1584) in paragraph at lines 481--487
warning: main.tex:499: Underfull \vbox (badness 10000) has occurred while \output is active
warning: main.tex:589: Underfull \hbox (badness 1009) in paragraph at lines 585--589
note: Rerunning TeX because "main.aux" changed ...
warning: lineno.sty:296: Invalid UTF-8 byte or sequence at line 296 replaced by U+FFFD.
warning: main.tex:92: Underfull \hbox (badness 1107) in paragraph at lines 87--92
warning: main.tex:141: Underfull \vbox (badness 10000) has occurred while \output is active
warning: main.tex:191: Underfull \hbox (badness 1924) in paragraph at lines 184--191
warning: main.tex:198: Underfull \hbox (badness 1062) in paragraph at lines 192--198
warning: main.tex:207: Underfull \hbox (badness 1365) in paragraph at lines 201--207
warning: main.tex:207: Underfull \vbox (badness 10000) has occurred while \output is active
warning: main.bbl:8: Underfull \hbox (badness 1215) in paragraph at lines 5--8
warning: main.bbl:8: Underfull \hbox (badness 6775) in paragraph at lines 5--8
warning: main.bbl:13: Underfull \hbox (badness 2698) in paragraph at lines 10--13
warning: main.bbl:47: Underfull \hbox (badness 1158) in paragraph at lines 42--47
warning: main.bbl:57: Underfull \hbox (badness 5954) in paragraph at lines 50--57
warning: main.bbl:84: Underfull \hbox (badness 1817) in paragraph at lines 79--84
warning: main.bbl:96: Underfull \hbox (badness 1137) in paragraph at lines 92--96
warning: main.bbl:108: Underfull \hbox (badness 1019) in paragraph at lines 100--108
warning: main.bbl:118: Underfull \hbox (badness 1527) in paragraph at lines 112--118
warning: main.bbl:118: Underfull \hbox (badness 1048) in paragraph at lines 112--118
warning: main.bbl:127: Underfull \hbox (badness 10000) in paragraph at lines 121--127
warning: main.bbl:127: Underfull \hbox (badness 4096) in paragraph at lines 121--127
warning: main.bbl:127: Underfull \hbox (badness 1910) in paragraph at lines 121--127
warning: main.bbl:134: Underfull \hbox (badness 1509) in paragraph at lines 129--134
warning: main.bbl:161: Underfull \hbox (badness 2418) in paragraph at lines 155--161
warning: main.tex:267: Underfull \hbox (badness 3758) in paragraph at lines 262--267
warning: main.tex:299: Underfull \hbox (badness 1253) in paragraph at lines 289--299
warning: main.tex:311: Underfull \vbox (badness 3815) has occurred while \output is active
warning: main.tex:342: Underfull \hbox (badness 1533) in paragraph at lines 313--342
warning: main.tex:381: Underfull \hbox (badness 3118) in paragraph at lines 374--381
warning: main.tex:407: Underfull \hbox (badness 10000) in paragraph at lines 396--407
warning: main.tex:407: Underfull \hbox (badness 4156) in paragraph at lines 396--407
warning: main.tex:407: Underfull \hbox (badness 5832) in paragraph at lines 396--407
warning: main.tex:407: Underfull \hbox (badness 1881) in paragraph at lines 396--407
warning: main.tex:407: Underfull \hbox (badness 1237) in paragraph at lines 396--407
warning: main.tex:415: Underfull \hbox (badness 1648) in paragraph at lines 408--415
warning: main.tex:415: Underfull \hbox (badness 6078) in paragraph at lines 408--415
warning: main.tex:428: Underfull \hbox (badness 2351) in paragraph at lines 423--428
warning: main.tex:471: Underfull \hbox (badness 6510) in paragraph at lines 466--471
warning: main.tex:471: Underfull \hbox (badness 1509) in paragraph at lines 466--471
warning: main.tex:471: Underfull \vbox (badness 10000) has occurred while \output is active
warning: main.tex:487: Underfull \hbox (badness 3460) in paragraph at lines 481--487
warning: main.tex:487: Underfull \hbox (badness 10000) in paragraph at lines 481--487
warning: main.tex:487: Underfull \hbox (badness 1584) in paragraph at lines 481--487
warning: main.tex:499: Underfull \vbox (badness 10000) has occurred while \output is active
warning: main.tex:589: Underfull \hbox (badness 1009) in paragraph at lines 585--589
warning: warnings were issued by the TeX engine; use --print and/or --keep-logs for details.
note: Running xdvipdfmx ...
note: Writing `main.pdf` (1.0998716354370117 MiB)
note: Writing `main.blg` (190 B)
note: Writing `main.log` (27.51171875 KiB)
note: Skipped writing 3 intermediate files (use --keep-intermediates to keep them)
/work/jvl210002/migration/envs/probe-cu129/bin/python check_arr.py
ARR: body 4/4 pages; total 44; abstract 147 words; A4 portrait; 0 unembedded fonts
Draft: 0 unfilled numbers; unresolved references: False; missing assets: False
/work/jvl210002/migration/envs/probe-cu129/bin/python check_arr.py --strict
ARR: body 4/4 pages; total 44; abstract 147 words; A4 portrait; 0 unembedded fonts
Draft: 0 unfilled numbers; unresolved references: False; missing assets: False
make[1]: Leaving directory '/work/jvl210002/migration/probing/paper'
