/work/jvl210002/migration/probing/scripts/53_kudo_figs.py:104: RuntimeWarning: All-NaN slice encountered
  axes[0, j].plot(np.nanmax(A, axis=0), color="k", lw=1.2, label="acc (max over layers)")
{
 "neutral": {
  "t_star": 24,
  "acc_pre_cot": 0.26066666666666666,
  "acc_post_cot": 1.0,
  "t_star_segment": "cot:4:substitute:v1"
 },
 "incongruent@v1": {
  "t_star": 24,
  "acc_pre_cot": 0.2343333333333333,
  "acc_post_cot": 1.0,
  "t_star_segment": "cot:4:substitute:v1",
  "t_lure_last_above_half": 29,
  "lure_rate_max_pre_cot": 0.6983333333333333,
  "lure_rate_max_post_cot": 0.647
 }
}
figures -> /work/jvl210002/migration/probing/paper/figures
