make[1]: Entering directory '/work/jvl210002/migration/probing/paper'
/work/jvl210002/migration/envs/tex/bin/tectonic -X compile --keep-logs main.tex
note: "version 2" Tectonic command-line interface activated
note: Running TeX ...
warning: lineno.sty:296: Invalid UTF-8 byte or sequence at line 296 replaced by U+FFFD.
warning: main.tex:50: Underfull \hbox (badness 1603) in paragraph at lines 39--50
warning: main.tex:134: Underfull \vbox (badness 1168) has occurred while \output is active
warning: main.tex:176: Underfull \hbox (badness 4254) in paragraph at lines 176--176
warning: main.tex:197: Underfull \vbox (badness 10000) has occurred while \output is active
warning: main.tex:205: Underfull \hbox (badness 5548) in paragraph at lines 198--205
warning: main.tex:221: Underfull \hbox (badness 1803) in paragraph at lines 215--221
warning: main.tex:261: Underfull \hbox (badness 1466) in paragraph at lines 256--261
warning: main.tex:277: Underfull \hbox (badness 3758) in paragraph at lines 272--277
warning: main.tex:361: Underfull \hbox (badness 1533) in paragraph at lines 331--361
warning: main.tex:400: Underfull \hbox (badness 3118) in paragraph at lines 393--400
warning: main.tex:451: Underfull \hbox (badness 2351) in paragraph at lines 446--451
warning: main.tex:460: Underfull \hbox (badness 10000) in paragraph at lines 452--460
warning: main.tex:460: Underfull \hbox (badness 3449) in paragraph at lines 452--460
warning: main.tex:460: Underfull \hbox (badness 1215) in paragraph at lines 452--460
warning: main.tex:496: Underfull \hbox (badness 6510) in paragraph at lines 491--496
warning: main.tex:512: Underfull \hbox (badness 3460) in paragraph at lines 506--512
warning: main.tex:512: Underfull \hbox (badness 10000) in paragraph at lines 506--512
warning: main.tex:523: Underfull \vbox (badness 10000) has occurred while \output is active
warning: main.tex:584: Underfull \vbox (badness 10000) has occurred while \output is active
warning: main.tex:606: Underfull \hbox (badness 1052) in paragraph at lines 606--606
warning: main.tex:614: Underfull \hbox (badness 1009) in paragraph at lines 610--614
warning: main.tex:625: Underfull \hbox (badness 10000) in paragraph at lines 619--625
warning: main.tex:625: Underfull \hbox (badness 1158) in paragraph at lines 619--625
warning: main.tex:667: Underfull \vbox (badness 10000) has occurred while \output is active
note: Running BibTeX on main.aux ...
note: Rerunning TeX because bibtex was run ...
warning: lineno.sty:296: Invalid UTF-8 byte or sequence at line 296 replaced by U+FFFD.
warning: main.tex:50: Underfull \hbox (badness 1603) in paragraph at lines 39--50
warning: main.tex:134: Underfull \vbox (badness 1168) has occurred while \output is active
warning: main.tex:176: Underfull \hbox (badness 4254) in paragraph at lines 176--176
warning: main.tex:205: Underfull \hbox (badness 5548) in paragraph at lines 198--205
warning: main.tex:205: Underfull \vbox (badness 10000) has occurred while \output is active
warning: main.tex:261: Underfull \hbox (badness 2600) in paragraph at lines 256--261
warning: main.bbl:13: Underfull \hbox (badness 1215) in paragraph at lines 10--13
warning: main.bbl:13: Underfull \hbox (badness 6775) in paragraph at lines 10--13
warning: main.bbl:18: Underfull \hbox (badness 2698) in paragraph at lines 15--18
warning: main.bbl:52: Underfull \hbox (badness 1158) in paragraph at lines 47--52
warning: main.bbl:62: Underfull \hbox (badness 5954) in paragraph at lines 55--62
warning: main.bbl:89: Underfull \hbox (badness 1769) in paragraph at lines 84--89
warning: main.bbl:101: Underfull \hbox (badness 1137) in paragraph at lines 97--101
warning: main.bbl:113: Underfull \hbox (badness 1019) in paragraph at lines 105--113
warning: main.bbl:123: Underfull \hbox (badness 1527) in paragraph at lines 117--123
warning: main.bbl:123: Underfull \hbox (badness 1048) in paragraph at lines 117--123
warning: main.bbl:132: Underfull \hbox (badness 10000) in paragraph at lines 126--132
warning: main.bbl:132: Underfull \hbox (badness 4096) in paragraph at lines 126--132
warning: main.bbl:132: Underfull \hbox (badness 1910) in paragraph at lines 126--132
warning: main.bbl:139: Underfull \hbox (badness 1509) in paragraph at lines 134--139
warning: main.bbl:166: Underfull \hbox (badness 2418) in paragraph at lines 160--166
warning: main.tex:277: Underfull \hbox (badness 3758) in paragraph at lines 272--277
warning: main.tex:361: Underfull \hbox (badness 1533) in paragraph at lines 331--361
warning: main.tex:400: Underfull \hbox (badness 3118) in paragraph at lines 393--400
warning: main.tex:451: Underfull \hbox (badness 2351) in paragraph at lines 446--451
warning: main.tex:460: Underfull \hbox (badness 10000) in paragraph at lines 452--460
warning: main.tex:460: Underfull \hbox (badness 3449) in paragraph at lines 452--460
warning: main.tex:460: Underfull \hbox (badness 1721) in paragraph at lines 452--460
warning: main.tex:460: Underfull \vbox (badness 10000) has occurred while \output is active
warning: main.tex:496: Underfull \hbox (badness 6510) in paragraph at lines 491--496
warning: main.tex:496: Underfull \hbox (badness 1509) in paragraph at lines 491--496
warning: main.tex:512: Underfull \hbox (badness 3460) in paragraph at lines 506--512
warning: main.tex:512: Underfull \hbox (badness 10000) in paragraph at lines 506--512
warning: main.tex:524: Underfull \vbox (badness 1655) has occurred while \output is active
warning: main.tex:571: Underfull \vbox (badness 6526) has occurred while \output is active
warning: main.tex:583: Underfull \vbox (badness 10000) has occurred while \output is active
warning: main.tex:614: Underfull \hbox (badness 1009) in paragraph at lines 610--614
warning: main.tex:625: Underfull \hbox (badness 10000) in paragraph at lines 619--625
warning: main.tex:625: Underfull \hbox (badness 1158) in paragraph at lines 619--625
warning: main.tex:667: Underfull \vbox (badness 10000) has occurred while \output is active
note: Rerunning TeX because "main.aux" changed ...
warning: lineno.sty:296: Invalid UTF-8 byte or sequence at line 296 replaced by U+FFFD.
warning: main.tex:50: Underfull \hbox (badness 1603) in paragraph at lines 39--50
warning: main.tex:106: Underfull \hbox (badness 10000) in paragraph at lines 100--106
warning: main.tex:106: Underfull \hbox (badness 1210) in paragraph at lines 100--106
warning: main.tex:134: Underfull \vbox (badness 1168) has occurred while \output is active
warning: main.tex:176: Underfull \hbox (badness 4254) in paragraph at lines 176--176
warning: main.tex:197: Underfull \vbox (badness 10000) has occurred while \output is active
warning: main.tex:205: Underfull \hbox (badness 5548) in paragraph at lines 198--205
warning: main.tex:261: Underfull \hbox (badness 2600) in paragraph at lines 256--261
warning: main.bbl:13: Underfull \hbox (badness 1215) in paragraph at lines 10--13
warning: main.bbl:13: Underfull \hbox (badness 6775) in paragraph at lines 10--13
warning: main.bbl:18: Underfull \hbox (badness 2698) in paragraph at lines 15--18
warning: main.bbl:52: Underfull \hbox (badness 1158) in paragraph at lines 47--52
warning: main.bbl:62: Underfull \hbox (badness 5954) in paragraph at lines 55--62
warning: main.bbl:89: Underfull \hbox (badness 1817) in paragraph at lines 84--89
warning: main.bbl:101: Underfull \hbox (badness 1137) in paragraph at lines 97--101
warning: main.bbl:113: Underfull \hbox (badness 1019) in paragraph at lines 105--113
warning: main.bbl:123: Underfull \hbox (badness 1527) in paragraph at lines 117--123
warning: main.bbl:123: Underfull \hbox (badness 1048) in paragraph at lines 117--123
warning: main.bbl:132: Underfull \hbox (badness 10000) in paragraph at lines 126--132
warning: main.bbl:132: Underfull \hbox (badness 4096) in paragraph at lines 126--132
warning: main.bbl:132: Underfull \hbox (badness 1910) in paragraph at lines 126--132
warning: main.bbl:139: Underfull \hbox (badness 1509) in paragraph at lines 134--139
warning: main.bbl:166: Underfull \hbox (badness 2418) in paragraph at lines 160--166
warning: main.tex:277: Underfull \hbox (badness 3758) in paragraph at lines 272--277
warning: main.tex:309: Underfull \hbox (badness 1253) in paragraph at lines 299--309
warning: main.tex:361: Underfull \hbox (badness 1533) in paragraph at lines 331--361
warning: main.tex:400: Underfull \hbox (badness 3118) in paragraph at lines 393--400
warning: main.tex:451: Underfull \hbox (badness 2351) in paragraph at lines 446--451
warning: main.tex:460: Underfull \hbox (badness 10000) in paragraph at lines 452--460
warning: main.tex:460: Underfull \hbox (badness 3449) in paragraph at lines 452--460
warning: main.tex:460: Underfull \hbox (badness 1354) in paragraph at lines 452--460
warning: main.tex:496: Underfull \hbox (badness 6510) in paragraph at lines 491--496
warning: main.tex:496: Underfull \hbox (badness 1509) in paragraph at lines 491--496
warning: main.tex:512: Underfull \hbox (badness 3460) in paragraph at lines 506--512
warning: main.tex:512: Underfull \hbox (badness 10000) in paragraph at lines 506--512
warning: main.tex:581: Underfull \vbox (badness 10000) has occurred while \output is active
warning: main.tex:601: Underfull \hbox (badness 1325) in paragraph at lines 589--601
warning: main.tex:614: Underfull \hbox (badness 1009) in paragraph at lines 610--614
warning: main.tex:625: Underfull \hbox (badness 10000) in paragraph at lines 619--625
warning: main.tex:625: Underfull \hbox (badness 1158) in paragraph at lines 619--625
warning: main.tex:667: Underfull \vbox (badness 10000) has occurred while \output is active
note: Rerunning TeX because "main.aux" changed ...
warning: lineno.sty:296: Invalid UTF-8 byte or sequence at line 296 replaced by U+FFFD.
warning: main.tex:50: Underfull \hbox (badness 1603) in paragraph at lines 39--50
warning: main.tex:106: Underfull \hbox (badness 10000) in paragraph at lines 100--106
warning: main.tex:106: Underfull \hbox (badness 1210) in paragraph at lines 100--106
warning: main.tex:134: Underfull \vbox (badness 1168) has occurred while \output is active
warning: main.tex:176: Underfull \hbox (badness 4254) in paragraph at lines 176--176
warning: main.tex:197: Underfull \vbox (badness 10000) has occurred while \output is active
warning: main.tex:205: Underfull \hbox (badness 5548) in paragraph at lines 198--205
warning: main.tex:261: Underfull \hbox (badness 2600) in paragraph at lines 256--261
warning: main.bbl:13: Underfull \hbox (badness 1215) in paragraph at lines 10--13
warning: main.bbl:13: Underfull \hbox (badness 6775) in paragraph at lines 10--13
warning: main.bbl:18: Underfull \hbox (badness 2698) in paragraph at lines 15--18
warning: main.bbl:52: Underfull \hbox (badness 1158) in paragraph at lines 47--52
warning: main.bbl:62: Underfull \hbox (badness 5954) in paragraph at lines 55--62
warning: main.bbl:89: Underfull \hbox (badness 1817) in paragraph at lines 84--89
warning: main.bbl:101: Underfull \hbox (badness 1137) in paragraph at lines 97--101
warning: main.bbl:113: Underfull \hbox (badness 1019) in paragraph at lines 105--113
warning: main.bbl:123: Underfull \hbox (badness 1527) in paragraph at lines 117--123
warning: main.bbl:123: Underfull \hbox (badness 1048) in paragraph at lines 117--123
warning: main.bbl:132: Underfull \hbox (badness 10000) in paragraph at lines 126--132
warning: main.bbl:132: Underfull \hbox (badness 4096) in paragraph at lines 126--132
warning: main.bbl:132: Underfull \hbox (badness 1910) in paragraph at lines 126--132
warning: main.bbl:139: Underfull \hbox (badness 1509) in paragraph at lines 134--139
warning: main.bbl:166: Underfull \hbox (badness 2418) in paragraph at lines 160--166
warning: main.tex:277: Underfull \hbox (badness 3758) in paragraph at lines 272--277
warning: main.tex:309: Underfull \hbox (badness 1253) in paragraph at lines 299--309
warning: main.tex:361: Underfull \hbox (badness 1533) in paragraph at lines 331--361
warning: main.tex:400: Underfull \hbox (badness 3118) in paragraph at lines 393--400
warning: main.tex:451: Underfull \hbox (badness 2351) in paragraph at lines 446--451
warning: main.tex:460: Underfull \hbox (badness 10000) in paragraph at lines 452--460
warning: main.tex:460: Underfull \hbox (badness 3449) in paragraph at lines 452--460
warning: main.tex:460: Underfull \hbox (badness 1354) in paragraph at lines 452--460
warning: main.tex:496: Underfull \hbox (badness 6510) in paragraph at lines 491--496
warning: main.tex:496: Underfull \hbox (badness 1509) in paragraph at lines 491--496
warning: main.tex:512: Underfull \hbox (badness 3460) in paragraph at lines 506--512
warning: main.tex:512: Underfull \hbox (badness 10000) in paragraph at lines 506--512
warning: main.tex:581: Underfull \vbox (badness 10000) has occurred while \output is active
warning: main.tex:601: Underfull \hbox (badness 1325) in paragraph at lines 589--601
warning: main.tex:614: Underfull \hbox (badness 1009) in paragraph at lines 610--614
warning: main.tex:625: Underfull \hbox (badness 10000) in paragraph at lines 619--625
warning: main.tex:625: Underfull \hbox (badness 1158) in paragraph at lines 619--625
warning: main.tex:667: Underfull \vbox (badness 10000) has occurred while \output is active
warning: warnings were issued by the TeX engine; use --print and/or --keep-logs for details.
note: Running xdvipdfmx ...
note: Writing `main.blg` (190 B)
note: Writing `main.pdf` (1.1865863800048828 MiB)
note: Writing `main.log` (27.9365234375 KiB)
note: Skipped writing 3 intermediate files (use --keep-intermediates to keep them)
/work/jvl210002/migration/envs/probe-cu129/bin/python check_arr.py
ARR: body 4/4 pages; total 49; abstract 123 words; A4 portrait; 0 unembedded fonts
Draft: 0 unfilled numbers; unresolved references: False; missing assets: False
/work/jvl210002/migration/envs/probe-cu129/bin/python check_arr.py --strict
ARR: body 4/4 pages; total 49; abstract 123 words; A4 portrait; 0 unembedded fonts
Draft: 0 unfilled numbers; unresolved references: False; missing assets: False
make[1]: Leaving directory '/work/jvl210002/migration/probing/paper'
